// Jest Snapshot v1, https://goo.gl/fbAQLP

exports[`<DateSelector /> should be match with snapshot 1`] = `
<label
  className="date-selector"
  htmlFor="from"
>
  <span>
    :
  </span>
  <div
    className="form-group"
    style={
      Object {
        "marginTop": "5px",
      }
    }
  >
    <div
      className="react-date-picker react-date-picker--closed react-date-picker--enabled"
      onFocus={[Function]}
    >
      <div
        className="react-date-picker__wrapper"
      >
        <div
          className="react-date-picker__inputGroup"
          onClick={[Function]}
        >
          <input
            max="275760-09-12"
            min="0000-12-31"
            name="date"
            onChange={[Function]}
            onFocus={[Function]}
            style={
              Object {
                "position": "absolute",
                "visibility": "hidden",
                "zIndex": "-999",
              }
            }
            type="date"
            value=""
          />
          <input
            autoComplete="off"
            className="react-date-picker__inputGroup__input react-date-picker__inputGroup__month"
            data-input="true"
            inputMode="numeric"
            key="input"
            max={12}
            min={1}
            name="month"
            onChange={[Function]}
            onFocus={[Function]}
            onKeyDown={[Function]}
            onKeyPress={[Function]}
            onKeyUp={[Function]}
            placeholder="--"
            required={null}
            type="number"
            value=""
          />
          <span
            className="react-date-picker__inputGroup__divider"
          >
            /
          </span>
          <input
            autoComplete="off"
            autoFocus={false}
            className="react-date-picker__inputGroup__input react-date-picker__inputGroup__day"
            data-input="true"
            inputMode="numeric"
            key="input"
            max={31}
            min={1}
            name="day"
            onChange={[Function]}
            onFocus={[Function]}
            onKeyDown={[Function]}
            onKeyPress={[Function]}
            onKeyUp={[Function]}
            placeholder="--"
            required={null}
            type="number"
            value=""
          />
          <span
            className="react-date-picker__inputGroup__divider"
          >
            /
          </span>
          <input
            autoComplete="off"
            autoFocus={false}
            className="react-date-picker__inputGroup__input react-date-picker__inputGroup__year"
            data-input="true"
            inputMode="numeric"
            key="input"
            max={275760}
            min={1}
            name="year"
            onChange={[Function]}
            onFocus={[Function]}
            onKeyDown={[Function]}
            onKeyPress={[Function]}
            onKeyUp={[Function]}
            placeholder="----"
            required={null}
            step={1}
            type="number"
            value=""
          />
        </div>
        <button
          className="react-date-picker__calendar-button react-date-picker__button"
          onClick={[Function]}
          onFocus={[Function]}
          type="button"
        >
          <i
            className="fas fa-chevron-down"
          />
        </button>
      </div>
    </div>
    <i
      className="far fa-calendar"
    />
  </div>
</label>
`;
